test.js(21,32): error TS18047: 'e.target' is possibly 'null'.
test.js(21,41): error TS2339: Property 'result' does not exist on type 'EventTarget'.
test.js(31,13): error TS7034: Variable 'carrito' implicitly has type 'any[]' in some locations where its type cannot be determined.
test.js(32,13): error TS7034: Variable 'itemActualSeleccionado' implicitly has type 'any' in some locations where its type cannot be determined.
test.js(34,49): error TS7006: Parameter 'solicitudId' implicitly has an 'any' type.
test.js(34,62): error TS7006: Parameter 'items' implicitly has an 'any' type.
test.js(56,26): error TS7006: Parameter 'val' implicitly has an 'any' type.
test.js(57,35): error TS7006: Parameter 'timestamp' implicitly has an 'any' type.
test.js(65,36): error TS7006: Parameter 'fila' implicitly has an 'any' type.
test.js(67,13): error TS2531: Object is possibly 'null'.
test.js(68,13): error TS2531: Object is possibly 'null'.
test.js(69,13): error TS2531: Object is possibly 'null'.
test.js(70,13): error TS2531: Object is possibly 'null'.
test.js(71,13): error TS2531: Object is possibly 'null'.
test.js(72,13): error TS2531: Object is possibly 'null'.
test.js(73,13): error TS2531: Object is possibly 'null'.
test.js(74,13): error TS2531: Object is possibly 'null'.
test.js(75,13): error TS2531: Object is possibly 'null'.
test.js(75,13): error TS2322: Type 'number | "-"' is not assignable to type 'string'.
  Type 'number' is not assignable to type 'string'.
test.js(76,13): error TS2531: Object is possibly 'null'.
test.js(76,13): error TS2322: Type 'number | "-"' is not assignable to type 'string'.
  Type 'number' is not assignable to type 'string'.
test.js(77,13): error TS2531: Object is possibly 'null'.
test.js(77,13): error TS2322: Type 'number | "-"' is not assignable to type 'string'.
  Type 'number' is not assignable to type 'string'.
test.js(78,13): error TS2531: Object is possibly 'null'.
test.js(78,13): error TS2322: Type 'number | "-"' is not assignable to type 'string'.
  Type 'number' is not assignable to type 'string'.
test.js(79,13): error TS2531: Object is possibly 'null'.
test.js(79,13): error TS2322: Type 'number | "-"' is not assignable to type 'string'.
  Type 'number' is not assignable to type 'string'.
test.js(80,13): error TS2531: Object is possibly 'null'.
test.js(82,13): error TS2531: Object is possibly 'null'.
test.js(82,48): error TS2339: Property 'value' does not exist on type 'HTMLElement'.
test.js(83,13): error TS2531: Object is possibly 'null'.
test.js(83,51): error TS2339: Property 'value' does not exist on type 'HTMLElement'.
test.js(84,13): error TS2531: Object is possibly 'null'.
test.js(84,49): error TS2339: Property 'value' does not exist on type 'HTMLElement'.
test.js(85,13): error TS2531: Object is possibly 'null'.
test.js(85,50): error TS2339: Property 'value' does not exist on type 'HTMLElement'.
test.js(86,13): error TS2531: Object is possibly 'null'.
test.js(86,51): error TS2339: Property 'value' does not exist on type 'HTMLElement'.
test.js(87,13): error TS2531: Object is possibly 'null'.
test.js(87,51): error TS2339: Property 'value' does not exist on type 'HTMLElement'.
test.js(88,13): error TS2531: Object is possibly 'null'.
test.js(88,52): error TS2339: Property 'value' does not exist on type 'HTMLElement'.
test.js(90,13): error TS2531: Object is possibly 'null'.
test.js(91,30): error TS2531: Object is possibly 'null'.
test.js(94,41): error TS2531: Object is possibly 'null'.
test.js(98,38): error TS18047: 'badge' is possibly 'null'.
test.js(98,38): error TS2322: Type 'number' is not assignable to type 'string'.
test.js(98,72): error TS18047: 'badge' is possibly 'null'.
test.js(99,20): error TS18047: 'badge' is possibly 'null'.
test.js(103,17): error TS7005: Variable 'itemActualSeleccionado' implicitly has an 'any' type.
test.js(104,37): error TS2531: Object is possibly 'null'.
test.js(104,72): error TS2339: Property 'value' does not exist on type 'HTMLElement'.
test.js(105,25): error TS2531: Object is possibly 'null'.
test.js(105,63): error TS2339: Property 'value' does not exist on type 'HTMLElement'.
test.js(106,25): error TS2531: Object is possibly 'null'.
test.js(106,63): error TS2339: Property 'value' does not exist on type 'HTMLElement'.
test.js(117,24): error TS2531: Object is possibly 'null'.
test.js(117,60): error TS2339: Property 'value' does not exist on type 'HTMLElement'.
test.js(118,25): error TS2531: Object is possibly 'null'.
test.js(118,62): error TS2339: Property 'value' does not exist on type 'HTMLElement'.
test.js(120,26): error TS2531: Object is possibly 'null'.
test.js(120,64): error TS2339: Property 'value' does not exist on type 'HTMLElement'.
test.js(121,32): error TS2531: Object is possibly 'null'.
test.js(121,71): error TS2339: Property 'value' does not exist on type 'HTMLElement'.
test.js(131,17): error TS18047: 'contenedor' is possibly 'null'.
test.js(133,17): error TS18047: 'contenedor' is possibly 'null'.
test.js(146,35): error TS7005: Variable 'carrito' implicitly has an 'any[]' type.
test.js(162,13): error TS2531: Object is possibly 'null'.
test.js(165,36): error TS2531: Object is possibly 'null'.
test.js(166,37): error TS7006: Parameter 'index' implicitly has an 'any' type.
test.js(166,46): error TS7005: Variable 'carrito' implicitly has an 'any[]' type.
test.js(204,31): error TS7005: Variable 'carrito' implicitly has an 'any[]' type.
test.js(257,31): error TS7005: Variable 'carrito' implicitly has an 'any[]' type.
test.js(275,55): error TS7005: Variable 'carrito' implicitly has an 'any[]' type.
test.js(294,13): error TS2531: Object is possibly 'null'.
test.js(298,38): error TS2531: Object is possibly 'null'.
test.js(302,29): error TS2531: Object is possibly 'null'.
test.js(302,73): error TS2339: Property 'value' does not exist on type 'HTMLElement'.
test.js(303,26): error TS2531: Object is possibly 'null'.
test.js(303,71): error TS2339: Property 'value' does not exist on type 'HTMLElement'.
test.js(311,16): error TS18047: 'selMaq' is possibly 'null'.
test.js(311,23): error TS2339: Property 'options' does not exist on type 'HTMLElement'.
test.js(313,30): error TS7006: Parameter 'sol' implicitly has an 'any' type.
test.js(313,55): error TS7006: Parameter 'it' implicitly has an 'any' type.
test.js(314,47): error TS18047: 'selMaq' is possibly 'null'.
test.js(317,37): error TS18047: 'cont' is possibly 'null'.
test.js(319,17): error TS7034: Variable 'filas' implicitly has type 'any[]' in some locations where its type cannot be determined.
test.js(320,26): error TS7006: Parameter 'sol' implicitly has an 'any' type.
test.js(324,35): error TS7006: Parameter 'it' implicitly has an 'any' type.
test.js(335,13): error TS7005: Variable 'filas' implicitly has an 'any[]' type.
test.js(337,38): error TS18047: 'cont' is possibly 'null'.
test.js(339,13): error TS18047: 'cont' is possibly 'null'.
test.js(353,31): error TS7005: Variable 'filas' implicitly has an 'any[]' type.
test.js(370,13): error TS7034: Variable 'TODOS_LOS_DATOS' implicitly has type 'any[]' in some locations where its type cannot be determined.
test.js(371,13): error TS7034: Variable 'DATOS_FILTRADOS' implicitly has type 'any[]' in some locations where its type cannot be determined.
test.js(377,28): error TS7005: Variable 'DATOS_FILTRADOS' implicitly has an 'any[]' type.
test.js(416,17): error TS18047: 'tbody' is possibly 'null'.
test.js(420,13): error TS2531: Object is possibly 'null'.
test.js(420,13): error TS2322: Type 'number' is not assignable to type 'string'.
test.js(421,13): error TS2531: Object is possibly 'null'.
test.js(421,13): error TS2322: Type 'number' is not assignable to type 'string'.
test.js(423,60): error TS2531: Object is possibly 'null'.
test.js(424,20): error TS2531: Object is possibly 'null'.
test.js(427,37): error TS7006: Parameter 'datos' implicitly has an 'any' type.
test.js(454,31): error TS2531: Object is possibly 'null'.
test.js(454,72): error TS2339: Property 'value' does not exist on type 'HTMLElement'.
test.js(455,34): error TS2531: Object is possibly 'null'.
test.js(455,74): error TS2339: Property 'value' does not exist on type 'HTMLElement'.
test.js(456,28): error TS2531: Object is possibly 'null'.
test.js(456,67): error TS2339: Property 'value' does not exist on type 'HTMLElement'.
test.js(457,27): error TS2531: Object is possibly 'null'.
test.js(457,71): error TS2339: Property 'value' does not exist on type 'HTMLElement'.
test.js(458,28): error TS2531: Object is possibly 'null'.
test.js(458,67): error TS2339: Property 'value' does not exist on type 'HTMLElement'.
test.js(459,30): error TS2531: Object is possibly 'null'.
test.js(459,71): error TS2339: Property 'value' does not exist on type 'HTMLElement'.
test.js(460,29): error TS2531: Object is possibly 'null'.
test.js(460,69): error TS2339: Property 'value' does not exist on type 'HTMLElement'.
test.js(461,35): error TS2531: Object is possibly 'null'.
test.js(461,81): error TS2339: Property 'value' does not exist on type 'HTMLElement'.
test.js(462,28): error TS2531: Object is possibly 'null'.
test.js(462,73): error TS2339: Property 'value' does not exist on type 'HTMLElement'.
test.js(463,28): error TS2531: Object is possibly 'null'.
test.js(463,73): error TS2339: Property 'value' does not exist on type 'HTMLElement'.
test.js(466,46): error TS18047: 'contRango' is possibly 'null'.
test.js(466,84): error TS18047: 'contRango' is possibly 'null'.
test.js(467,20): error TS18047: 'contRango' is possibly 'null'.
test.js(467,55): error TS18047: 'contRango' is possibly 'null'.
test.js(471,31): error TS7005: Variable 'TODOS_LOS_DATOS' implicitly has an 'any[]' type.
test.js(475,68): error TS7006: Parameter 't' implicitly has an 'any' type.
test.js(477,71): error TS7006: Parameter 'term' implicitly has an 'any' type.
test.js(478,47): error TS7006: Parameter 'term' implicitly has an 'any' type.
test.js(530,13): error TS2531: Object is possibly 'null'.
test.js(535,9): error TS2531: Object is possibly 'null'.
test.js(536,9): error TS2531: Object is possibly 'null'.
test.js(538,13): error TS2531: Object is possibly 'null'.
test.js(541,9): error TS2531: Object is possibly 'null'.
test.js(542,9): error TS2531: Object is possibly 'null'.
test.js(542,87): error TS2531: Object is possibly 'null'.
test.js(543,9): error TS2531: Object is possibly 'null'.
test.js(546,9): error TS2531: Object is possibly 'null'.
test.js(549,9): error TS2531: Object is possibly 'null'.
test.js(550,13): error TS7005: Variable 'DATOS_FILTRADOS' implicitly has an 'any[]' type.
test.js(557,13): error TS2531: Object is possibly 'null'.
test.js(558,13): error TS2531: Object is possibly 'null'.
test.js(563,9): error TS2531: Object is possibly 'null'.
test.js(565,13): error TS7005: Variable 'DATOS_FILTRADOS' implicitly has an 'any[]' type.
test.js(575,26): error TS2304: Cannot find name 'XLSX'.
test.js(576,27): error TS2304: Cannot find name 'XLSX'.
test.js(577,13): error TS2304: Cannot find name 'XLSX'.
test.js(578,13): error TS2304: Cannot find name 'XLSX'.
test.js(581,38): error TS7006: Parameter 'datos' implicitly has an 'any' type.
test.js(583,35): error TS7006: Parameter 'a' implicitly has an 'any' type.
test.js(583,38): error TS7006: Parameter 'b' implicitly has an 'any' type.
test.js(591,13): error TS18047: 'selGrupo' is possibly 'null'.
test.js(592,47): error TS7006: Parameter 'g' implicitly has an 'any' type.
test.js(592,52): error TS18047: 'selGrupo' is possibly 'null'.
test.js(593,13): error TS18047: 'selMaquina' is possibly 'null'.
test.js(594,49): error TS7006: Parameter 'm' implicitly has an 'any' type.
test.js(594,54): error TS18047: 'selMaquina' is possibly 'null'.
test.js(596,13): error TS2531: Object is possibly 'null'.
test.js(597,13): error TS2531: Object is possibly 'null'.
test.js(598,13): error TS2531: Object is possibly 'null'.
test.js(599,13): error TS2531: Object is possibly 'null'.
test.js(600,13): error TS2531: Object is possibly 'null'.
test.js(605,34): error TS7006: Parameter 'arr' implicitly has an 'any' type.
test.js(605,39): error TS7006: Parameter 'q' implicitly has an 'any' type.
test.js(613,40): error TS7006: Parameter 'arr' implicitly has an 'any' type.
test.js(625,36): error TS7006: Parameter 'fechaRaw' implicitly has an 'any' type.
test.js(646,28): error TS7006: Parameter 'file' implicitly has an 'any' type.
test.js(651,53): error TS18047: 'e.target' is possibly 'null'.
test.js(651,53): error TS2769: No overload matches this call.
  The last overload gave the following error.
    Argument of type 'string | ArrayBuffer | null' is not assignable to parameter of type 'ArrayBuffer | ArrayLike<number>'.
      Type 'null' is not assignable to type 'ArrayBuffer | ArrayLike<number>'.
test.js(652,42): error TS2304: Cannot find name 'XLSX'.
test.js(653,33): error TS2304: Cannot find name 'XLSX'.
test.js(658,46): error TS18047: 'e2.target' is possibly 'null'.
test.js(659,37): error TS18047: 'text' is possibly 'null'.
test.js(659,42): error TS2339: Property 'toLowerCase' does not exist on type 'string | ArrayBuffer'.
  Property 'toLowerCase' does not exist on type 'ArrayBuffer'.
test.js(661,72): error TS2345: Argument of type 'string | ArrayBuffer | null' is not assignable to parameter of type 'string'.
  Type 'null' is not assignable to type 'string'.
test.js(664,56): error TS2304: Cannot find name 'XLSX'.
test.js(665,56): error TS2304: Cannot find name 'XLSX'.
test.js(668,52): error TS2304: Cannot find name 'XLSX'.
test.js(669,41): error TS2304: Cannot find name 'XLSX'.
test.js(679,26): error TS7006: Parameter 'file' implicitly has an 'any' type.
test.js(681,17): error TS2304: Cannot find name 'Papa'.
test.js(681,83): error TS7006: Parameter 'res' implicitly has an 'any' type.
test.js(685,9): error TS2531: Object is possibly 'null'.
test.js(686,31): error TS2531: Object is possibly 'null'.
test.js(686,68): error TS2339: Property 'files' does not exist on type 'HTMLElement'.
test.js(687,29): error TS2531: Object is possibly 'null'.
test.js(687,64): error TS2339: Property 'files' does not exist on type 'HTMLElement'.
test.js(688,38): error TS2531: Object is possibly 'null'.
test.js(688,81): error TS2339: Property 'files' does not exist on type 'HTMLElement'.
test.js(691,13): error TS2531: Object is possibly 'null'.
test.js(696,23): error TS7034: Variable 'todasLasSalidasGlobales' implicitly has type 'any[]' in some locations where its type cannot be determined.
test.js(701,41): error TS7006: Parameter 'row' implicitly has an 'any' type.
test.js(724,30): error TS7053: Element implicitly has an 'any' type because expression of type 'any' can't be used to index type '{}'.
test.js(725,29): error TS7053: Element implicitly has an 'any' type because expression of type 'any' can't be used to index type '{}'.
test.js(726,53): error TS7053: Element implicitly has an 'any' type because expression of type 'any' can't be used to index type '{}'.
test.js(726,110): error TS7053: Element implicitly has an 'any' type because expression of type 'any' can't be used to index type '{}'.
test.js(727,29): error TS7053: Element implicitly has an 'any' type because expression of type 'any' can't be used to index type '{}'.
test.js(728,29): error TS7053: Element implicitly has an 'any' type because expression of type 'any' can't be used to index type '{}'.
test.js(729,29): error TS7053: Element implicitly has an 'any' type because expression of type 'any' can't be used to index type '{}'.
test.js(738,34): error TS7006: Parameter 'row' implicitly has an 'any' type.
test.js(759,26): error TS7053: Element implicitly has an 'any' type because expression of type 'any' can't be used to index type '{}'.
test.js(759,52): error TS7053: Element implicitly has an 'any' type because expression of type 'any' can't be used to index type '{}'.
test.js(760,21): error TS7053: Element implicitly has an 'any' type because expression of type 'any' can't be used to index type '{}'.
test.js(761,21): error TS7053: Element implicitly has an 'any' type because expression of type 'any' can't be used to index type '{}'.
test.js(764,26): error TS7053: Element implicitly has an 'any' type because expression of type 'any' can't be used to index type '{}'.
test.js(764,53): error TS7053: Element implicitly has an 'any' type because expression of type 'any' can't be used to index type '{}'.
test.js(765,77): error TS7053: Element implicitly has an 'any' type because expression of type 'any' can't be used to index type '{}'.
test.js(772,50): error TS7006: Parameter 'row' implicitly has an 'any' type.
test.js(792,34): error TS7053: Element implicitly has an 'any' type because expression of type 'any' can't be used to index type '{}'.
test.js(792,77): error TS7053: Element implicitly has an 'any' type because expression of type 'any' can't be used to index type '{}'.
test.js(793,33): error TS7053: Element implicitly has an 'any' type because expression of type 'any' can't be used to index type '{}'.
test.js(799,57): error TS7005: Variable 'todasLasSalidasGlobales' implicitly has an 'any[]' type.
test.js(802,21): error TS7034: Variable 'resultadosTabla' implicitly has type 'any[]' in some locations where its type cannot be determined.
test.js(804,33): error TS7053: Element implicitly has an 'any' type because expression of type 'string' can't be used to index type '{}'.
  No index signature with a parameter of type 'string' was found on type '{}'.
test.js(807,35): error TS7053: Element implicitly has an 'any' type because expression of type 'string' can't be used to index type '{}'.
  No index signature with a parameter of type 'string' was found on type '{}'.
test.js(808,35): error TS7053: Element implicitly has an 'any' type because expression of type 'string' can't be used to index type '{}'.
  No index signature with a parameter of type 'string' was found on type '{}'.
test.js(817,44): error TS7053: Element implicitly has an 'any' type because expression of type 'string' can't be used to index type '{}'.
  No index signature with a parameter of type 'string' was found on type '{}'.
test.js(817,83): error TS7053: Element implicitly has an 'any' type because expression of type 'string' can't be used to index type '{}'.
  No index signature with a parameter of type 'string' was found on type '{}'.
test.js(818,33): error TS7053: Element implicitly has an 'any' type because expression of type 'string' can't be used to index type '{}'.
  No index signature with a parameter of type 'string' was found on type '{}'.
test.js(846,34): error TS7053: Element implicitly has an 'any' type because expression of type 'number' can't be used to index type '{}'.
  No index signature with a parameter of type 'number' was found on type '{}'.
test.js(846,61): error TS7053: Element implicitly has an 'any' type because expression of type 'number' can't be used to index type '{}'.
  No index signature with a parameter of type 'number' was found on type '{}'.
test.js(847,29): error TS7053: Element implicitly has an 'any' type because expression of type 'number' can't be used to index type '{}'.
  No index signature with a parameter of type 'number' was found on type '{}'.
test.js(856,44): error TS7005: Variable 'resultadosTabla' implicitly has an 'any[]' type.
test.js(859,17): error TS2531: Object is possibly 'null'.
test.js(863,47): error TS18046: 'error' is of type 'unknown'.
test.js(864,17): error TS2531: Object is possibly 'null'.
test.js(875,21): error TS2531: Object is possibly 'null'.
test.js(876,21): error TS2531: Object is possibly 'null'.
test.js(879,17): error TS2531: Object is possibly 'null'.
test.js(880,17): error TS2531: Object is possibly 'null'.
